[0m18:32:11.607866 [debug] [MainThread]: Sending event: {'category': 'dbt', 'action': 'invocation', 'label': 'start', 'context': [<snowplow_tracker.self_describing_json.SelfDescribingJson object at 0x777b5a5b3d00>, <snowplow_tracker.self_describing_json.SelfDescribingJson object at 0x777b58f00940>, <snowplow_tracker.self_describing_json.SelfDescribingJson object at 0x777b58f008e0>]}


============================== 18:32:11.612248 | 9d2363d6-27ef-4904-8284-f1635ee92983 ==============================
[0m18:32:11.612248 [info ] [MainThread]: Running with dbt=1.12.4
[0m18:32:11.613612 [debug] [MainThread]: running dbt with arguments {'log_format': 'default', 'debug': 'False', 'empty': 'None', 'invocation_command': 'dbt init transform', 'introspect': 'True', 'fail_fast': 'False', 'profiles_dir': '/home/vrajadur/.dbt', 'printer_width': '80', 'use_colors': 'True', 'hints_enabled': 'True', 'use_experimental_parser': 'False', 'send_anonymous_usage_stats': 'True', 'indirect_selection': 'eager', 'cache_selected_only': 'False', 'log_cache_events': 'False', 'target_path': 'None', 'partial_parse': 'True', 'write_json': 'True', 'version_check': 'True', 'maximum_seed_size_mib': '1', 'no_print': 'None', 'quiet': 'False', 'warn_error': 'None', 'static_parser': 'True', 'log_path': 'logs', 'warn_error_options': 'WarnErrorOptionsV2(error=[], warn=[], silence=[])'}
[0m18:32:11.634690 [info ] [MainThread]: Creating dbt configuration folder at /home/vrajadur/.dbt
[0m18:32:11.642647 [error] [MainThread]: [[31mERROR[0m]: Encountered an error:
'NoneType' object is not subscriptable
[0m18:32:11.646242 [error] [MainThread]: Traceback (most recent call last):
  File "/home/vrajadur/miniconda3/envs/realtime-vault-u/lib/python3.10/site-packages/dbt/cli/requires.py", line 198, in wrapper
    result, success = func(*args, **kwargs)
  File "/home/vrajadur/miniconda3/envs/realtime-vault-u/lib/python3.10/site-packages/dbt/cli/requires.py", line 144, in wrapper
    return func(*args, **kwargs)
  File "/home/vrajadur/miniconda3/envs/realtime-vault-u/lib/python3.10/site-packages/dbt/cli/main.py", line 504, in init
    results = task.run()
  File "/home/vrajadur/miniconda3/envs/realtime-vault-u/lib/python3.10/site-packages/dbt/task/init.py", line 334, in run
    profile_name = self.get_profile_name_from_current_project()
  File "/home/vrajadur/miniconda3/envs/realtime-vault-u/lib/python3.10/site-packages/dbt/task/init.py", line 143, in get_profile_name_from_current_project
    return dbt_project["profile"]
TypeError: 'NoneType' object is not subscriptable

[0m18:32:11.648962 [debug] [MainThread]: Resource report: {"command_name": "init", "command_success": false, "command_wall_clock_time": 0.16040672, "process_in_blocks": "63968", "process_kernel_time": 0.394927, "process_mem_max_rss": "101716", "process_out_blocks": "0", "process_user_time": 1.799114}
[0m18:32:11.651179 [debug] [MainThread]: Command `dbt init` failed at 18:32:11.650835 after 0.16 seconds
[0m18:32:11.652935 [debug] [MainThread]: Sending event: {'category': 'dbt', 'action': 'invocation', 'label': 'end', 'context': [<snowplow_tracker.self_describing_json.SelfDescribingJson object at 0x777b5a5b3d00>, <snowplow_tracker.self_describing_json.SelfDescribingJson object at 0x777b58f01150>, <snowplow_tracker.self_describing_json.SelfDescribingJson object at 0x777b58eb84c0>]}
[0m18:32:11.654435 [debug] [MainThread]: Flushing usage events
[0m18:32:11.775577 [debug] [MainThread]: An error was encountered while trying to flush usage events
